../Core/Src/main.c:106:5:main	40	static
../Core/Src/main.c:185:6:SystemClock_Config	104	static
../Core/Src/main.c:231:13:MX_I2C1_Init	8	static
../Core/Src/main.c:279:13:MX_USART2_UART_Init	8	static
../Core/Src/main.c:312:13:MX_DMA_Init	16	static
../Core/Src/main.c:330:13:MX_GPIO_Init	56	static
../Core/Src/main.c:359:6:pause_sec	32	static
../Core/Src/main.c:371:9:decToBcd	32	static
../Core/Src/main.c:381:5:bcdToDec	24	static
../Core/Src/main.c:394:6:setTime	48	static
../Core/Src/main.c:418:6:getTime	32	static
../Core/Src/main.c:445:5:epochFromTime	88	static
../Core/Src/main.c:492:6:Error_Handler	8	static,ignoring_inline_asm
