../Core/Src/main.c:105:5:main	40	static
../Core/Src/main.c:164:6:SystemClock_Config	104	static
../Core/Src/main.c:210:13:MX_I2C1_Init	8	static
../Core/Src/main.c:258:13:MX_USART2_UART_Init	8	static
../Core/Src/main.c:291:13:MX_DMA_Init	16	static
../Core/Src/main.c:309:13:MX_GPIO_Init	56	static
../Core/Src/main.c:338:6:pause_sec	32	static
../Core/Src/main.c:349:9:decToBcd	24	static
../Core/Src/main.c:355:5:bcdToDec	16	static
../Core/Src/main.c:360:6:Set_Time	48	static
../Core/Src/main.c:374:6:Get_Time	32	static
../Core/Src/main.c:391:5:epochFromTime	40	static
../Core/Src/main.c:457:6:Error_Handler	8	static,ignoring_inline_asm
